// Jest Snapshot v1, https://goo.gl/fbAQLP

exports[` 1`] = `
<div
  className="MuiPaper-root-1 MuiPaper-elevation2-5 MuiPaper-rounded-2"
>
  <section>
    <div>
      <div
        className="undefined animated"
      />
    </div>
    <div>
      <div>
        <div
          className="undefined animated"
        />
      </div>
      <div>
        <div>
          <div
            className="undefined animated"
          />
        </div>
      </div>
    </div>
    <div>
      <div
        className="undefined animated"
      />
    </div>
  </section>
</div>
`;
